'''
finstmt.combined.statements.FinancialStatements(
    statements=[
        finstmt.findata.statementsbase.FinStatementsBase(
            statements={
                datetime.datetime(
                    2014,
                    12,
                    31
                ): {
  "revenue": 55184.0,
  "cogs": 40718.0,
  "sga": 5894.0,
  "int_exp": 484.0,
  "tax_exp": 692.0,
  "rd_exp": 2380.0,
  "other_op_exp": 44.0,
  "gain_on_sale_invest": 36.0,
  "op_exp": 8318.0,
  "ebit": 3766.0,
  "ebt": 3160.0,
  "net_income": 2452.0
},
                datetime.datetime(
                    2015,
                    12,
                    31
                ): {
  "revenue": 47011.0,
  "cogs": 33546.0,
  "sga": 4363.0,
  "int_exp": 507.0,
  "tax_exp": 916.0,
  "rd_exp": 2119.0,
  "other_op_exp": 27.0,
  "gain_on_sale_invest": 176.0,
  "op_exp": 6509.0,
  "ebit": 4659.0,
  "ebt": 3439.0,
  "net_income": 2512.0
},
                datetime.datetime(
                    2016,
                    12,
                    31
                ): {
  "revenue": 38537.0,
  "cogs": 28044.0,
  "sga": 4476.0,
  "int_exp": 503.0,
  "tax_exp": 192.0,
  "rd_exp": 1853.0,
  "other_op_exp": 78.0,
  "gain_on_sale_invest": 47.0,
  "impairment": 595.0,
  "op_exp": 6407.0,
  "ebit": 1884.0,
  "ebt": 133.0,
  "net_income": -67.0
},
                datetime.datetime(
                    2017,
                    12,
                    31
                ): {
  "revenue": 45462.0,
  "cogs": 31260.0,
  "sga": 4425.0,
  "int_exp": 531.0,
  "tax_exp": 3339.0,
  "rd_exp": 1842.0,
  "other_op_exp": 19.0,
  "gain_on_sale_invest": 187.0,
  "op_exp": 6286.0,
  "ebit": 5576.0,
  "ebt": 4098.0,
  "net_income": 754.0
},
                datetime.datetime(
                    2018,
                    12,
                    31
                ): {
  "revenue": 54722.0,
  "cogs": 36997.0,
  "sga": 4806.0,
  "int_exp": 404.0,
  "tax_exp": 1698.0,
  "rd_exp": 1850.0,
  "other_op_exp": 89.0,
  "gain_on_sale_invest": -29.0,
  "op_exp": 6745.0,
  "ebit": 8336.0,
  "ebt": 7846.0,
  "net_income": 6147.0
}
            },
            statement_name='Income Statement'
        ),
        finstmt.findata.statementsbase.FinStatementsBase(
            statements={
                datetime.datetime(
                    2014,
                    12,
                    31
                ): {
  "cash": 6317.0,
  "cash_and_st_invest": 6317.0,
  "receivables": 7699.0,
  "inventory": 12205.0,
  "def_tax_st": 1644.0,
  "other_current_assets": 27.0,
  "total_current_assets": 38867.0,
  "gross_ppe": 31572.0,
  "dep": 14995.0,
  "net_ppe": 16577.0,
  "goodwill": 6677.0,
  "lt_invest": 257.0,
  "def_tax_lt": 1267.0,
  "other_lt_assets": 528.0,
  "total_non_current_assets": 25306.0,
  "total_assets": 84681.0,
  "payables": 6515.0,
  "st_debt": 9.0,
  "current_lt_debt": 510.0,
  "tax_liab_st": 414.0,
  "other_current_liab": 4004.0,
  "total_current_liab": 27877.0,
  "lt_debt": 9408.0,
  "total_debt": 39293.0,
  "tax_liab_lt": 414.0,
  "other_lt_liab": 2817.0,
  "total_non_current_liab": 12639.0,
  "total_liab": 67855.0,
  "common_stock": 5016.0,
  "other_income": -6431.0,
  "retained_earnings": 33887.0,
  "minority_interest": 80.0,
  "total_equity": 16826.0,
  "total_liab_and_equity": 84681.0
},
                datetime.datetime(
                    2015,
                    12,
                    31
                ): {
  "cash": 5340.0,
  "cash_and_st_invest": 5340.0,
  "receivables": 6677.0,
  "inventory": 9700.0,
  "other_current_assets": 14.0,
  "total_current_assets": 33508.0,
  "gross_ppe": 31977.0,
  "dep": 15887.0,
  "net_ppe": 16090.0,
  "goodwill": 6598.0,
  "lt_invest": 246.0,
  "def_tax_lt": 2367.0,
  "other_lt_assets": 1874.0,
  "total_non_current_assets": 27175.0,
  "total_assets": 78342.0,
  "payables": 5023.0,
  "st_debt": 9.0,
  "current_lt_debt": 517.0,
  "other_current_liab": 2955.0,
  "total_current_liab": 26242.0,
  "lt_debt": 8883.0,
  "total_debt": 38017.0,
  "other_lt_liab": 3203.0,
  "total_non_current_liab": 12086.0,
  "total_liab": 63457.0,
  "common_stock": 5238.0,
  "other_income": -2035.0,
  "retained_earnings": 29246.0,
  "minority_interest": 76.0,
  "total_equity": 14885.0,
  "total_liab_and_equity": 78342.0
},
                datetime.datetime(
                    2016,
                    12,
                    31
                ): {
  "cash": 5257.0,
  "cash_and_st_invest": 5257.0,
  "receivables": 5919.0,
  "inventory": 8614.0,
  "other_current_assets": 23.0,
  "total_current_assets": 31967.0,
  "gross_ppe": 31940.0,
  "dep": 16618.0,
  "net_ppe": 15322.0,
  "goodwill": 6003.0,
  "lt_invest": 249.0,
  "def_tax_lt": 2683.0,
  "other_lt_assets": 1529.0,
  "total_non_current_assets": 25786.0,
  "total_assets": 74704.0,
  "payables": 4614.0,
  "st_debt": 209.0,
  "current_lt_debt": 507.0,
  "other_current_liab": 3377.0,
  "total_current_liab": 26132.0,
  "lt_debt": 8368.0,
  "total_debt": 36784.0,
  "other_lt_liab": 3184.0,
  "total_non_current_liab": 11552.0,
  "total_liab": 61491.0,
  "common_stock": 5277.0,
  "other_income": -2039.0,
  "retained_earnings": 27377.0,
  "minority_interest": 76.0,
  "total_equity": 13213.0,
  "total_liab_and_equity": 74704.0
},
                datetime.datetime(
                    2017,
                    12,
                    31
                ): {
  "cash": 7381.0,
  "cash_and_st_invest": 7381.0,
  "receivables": 7376.0,
  "inventory": 10018.0,
  "other_current_assets": 48.0,
  "total_current_assets": 36244.0,
  "gross_ppe": 31538.0,
  "dep": 17383.0,
  "net_ppe": 14155.0,
  "goodwill": 6183.0,
  "def_tax_lt": 1569.0,
  "other_lt_assets": 950.0,
  "total_non_current_assets": 22857.0,
  "total_assets": 76962.0,
  "payables": 6487.0,
  "st_debt": 1.0,
  "current_lt_debt": 6.0,
  "other_current_liab": 3424.0,
  "total_current_liab": 26931.0,
  "lt_debt": 7492.0,
  "total_debt": 34880.0,
  "other_lt_liab": 3657.0,
  "total_non_current_liab": 11149.0,
  "total_liab": 63196.0,
  "common_stock": 5593.0,
  "other_income": -1192.0,
  "retained_earnings": 26301.0,
  "minority_interest": 69.0,
  "total_equity": 13766.0,
  "total_liab_and_equity": 76962.0
},
                datetime.datetime(
                    2018,
                    12,
                    31
                ): {
  "cash": 6968.0,
  "cash_and_st_invest": 6968.0,
  "receivables": 8714.0,
  "inventory": 11529.0,
  "other_current_assets": 19.0,
  "total_current_assets": 38603.0,
  "gross_ppe": 29781.0,
  "dep": 16207.0,
  "net_ppe": 13574.0,
  "goodwill": 6217.0,
  "def_tax_lt": 1363.0,
  "other_lt_assets": 962.0,
  "total_non_current_assets": 22116.0,
  "total_assets": 78509.0,
  "payables": 7051.0,
  "current_lt_debt": 10.0,
  "other_current_liab": 3735.0,
  "total_current_liab": 28218.0,
  "lt_debt": 7549.0,
  "total_debt": 36593.0,
  "other_lt_liab": 3319.0,
  "total_non_current_liab": 10868.0,
  "total_liab": 64429.0,
  "common_stock": 5827.0,
  "other_income": -1684.0,
  "retained_earnings": 30427.0,
  "minority_interest": 41.0,
  "total_equity": 14080.0,
  "total_liab_and_equity": 78509.0
}
            },
            statement_name='Balance Sheet'
        ),
        finstmt.findata.statementsbase.FinStatementsBase(
            statements={
                datetime.datetime(
                    2014,
                    12,
                    31
                ): {
  "non_cash_expenses": 15031.0
},
                datetime.datetime(
                    2015,
                    12,
                    31
                ): {
  "capex": 15400.0,
  "non_cash_expenses": 16063.0,
  "fcf": 5210.0
},
                datetime.datetime(
                    2016,
                    12,
                    31
                ): {
  "capex": 15850.0,
  "non_cash_expenses": 17260.0,
  "fcf": 2778.0
},
                datetime.datetime(
                    2017,
                    12,
                    31
                ): {
  "capex": 16216.0,
  "non_cash_expenses": 17570.0,
  "fcf": 1120.0
},
                datetime.datetime(
                    2018,
                    12,
                    31
                ): {
  "capex": 15626.0,
  "non_cash_expenses": 16178.0,
  "fcf": 4414.0
}
            },
            statement_name='Metrics'
        )
    ]
)
'''