'''
finstmt.combined.statements.FinancialStatements(
    statements=[
        finstmt.findata.statementsbase.FinStatementsBase(
            statements={
                datetime.datetime(
                    2009,
                    12,
                    31
                ): {
  "revenue": 32396000000,
  "cogs": 24931000000,
  "sga": 3645000000,
  "int_exp": 389000000,
  "tax_exp": -270000000,
  "rd_exp": 1421000000,
  "op_exp": 6888000000,
  "ebit": 1014000000,
  "ebt": 625000000,
  "net_income": 895000000
},
                datetime.datetime(
                    2010,
                    12,
                    31
                ): {
  "revenue": 42588000000,
  "cogs": 31281000000,
  "sga": 4248000000,
  "int_exp": 343000000,
  "tax_exp": 968000000,
  "rd_exp": 1905000000,
  "op_exp": 7344000000,
  "ebit": 4011000000,
  "ebt": 3668000000,
  "net_income": 2700000000
},
                datetime.datetime(
                    2011,
                    12,
                    31
                ): {
  "revenue": 60138000000,
  "cogs": 44404000000,
  "sga": 5203000000,
  "int_exp": 396000000,
  "tax_exp": 1720000000,
  "rd_exp": 2297000000,
  "op_exp": 8581000000,
  "ebit": 7044000000,
  "ebt": 6648000000,
  "net_income": 4928000000
},
                datetime.datetime(
                    2012,
                    12,
                    31
                ): {
  "revenue": 65875000000,
  "cogs": 47852000000,
  "sga": 5919000000,
  "int_exp": 467000000,
  "tax_exp": 2528000000,
  "rd_exp": 2466000000,
  "op_exp": 9450000000,
  "ebit": 8676000000,
  "ebt": 8209000000,
  "net_income": 5681000000
},
                datetime.datetime(
                    2013,
                    12,
                    31
                ): {
  "revenue": 55656000000,
  "cogs": 41454000000,
  "sga": 5547000000,
  "int_exp": 465000000,
  "tax_exp": 1319000000,
  "rd_exp": 2046000000,
  "op_exp": 8574000000,
  "ebit": 5573000000,
  "ebt": 5108000000,
  "net_income": 3789000000
},
                datetime.datetime(
                    2014,
                    12,
                    31
                ): {
  "revenue": 55184000000,
  "cogs": 41342000000,
  "sga": 6529000000,
  "int_exp": 484000000,
  "tax_exp": 692000000,
  "rd_exp": 2380000000,
  "op_exp": 10528000000,
  "ebit": 3628000000,
  "ebt": 3144000000,
  "net_income": 2452000000
},
                datetime.datetime(
                    2015,
                    12,
                    31
                ): {
  "revenue": 47011000000,
  "cogs": 34133000000,
  "sga": 4951000000,
  "int_exp": 507000000,
  "tax_exp": 916000000,
  "rd_exp": 2119000000,
  "op_exp": 9093000000,
  "ebit": 3935000000,
  "ebt": 3428000000,
  "net_income": 2512000000
},
                datetime.datetime(
                    2016,
                    12,
                    31
                ): {
  "revenue": 38537000000,
  "cogs": 28640000000,
  "sga": 4383000000,
  "int_exp": 505000000,
  "tax_exp": 192000000,
  "rd_exp": 1853000000,
  "op_exp": 8735000000,
  "ebit": 630000000,
  "ebt": 125000000,
  "net_income": -67000000
},
                datetime.datetime(
                    2017,
                    12,
                    31
                ): {
  "revenue": 45462000000,
  "cogs": 31906000000,
  "sga": 4999000000,
  "int_exp": 531000000,
  "tax_exp": 3339000000,
  "rd_exp": 1842000000,
  "op_exp": 9096000000,
  "ebit": 4624000000,
  "ebt": 4093000000,
  "net_income": 754000000
},
                datetime.datetime(
                    2018,
                    12,
                    31
                ): {
  "revenue": 54722000000,
  "cogs": 37719000000,
  "sga": 5478000000,
  "int_exp": 404000000,
  "tax_exp": 1698000000,
  "rd_exp": 1850000000,
  "op_exp": 8710000000,
  "ebit": 8249000000,
  "ebt": 7845000000,
  "net_income": 6147000000
}
            },
            statement_name='Income Statement'
        ),
        finstmt.findata.statementsbase.FinStatementsBase(
            statements={
                datetime.datetime(
                    2009,
                    12,
                    31
                ): {
  "cash": 4867000000,
  "cash_and_st_invest": 4867000000,
  "receivables": 27162000000,
  "inventory": 6360000000,
  "total_current_assets": 27217000000,
  "net_ppe": 12386000000,
  "goodwill": 2734000000,
  "lt_invest": 105000000,
  "def_tax_lt": 3930000000,
  "total_non_current_assets": 32821000000,
  "total_assets": 60038000000,
  "payables": 2993000000,
  "st_debt": 9784000000,
  "total_current_liab": 18975000000,
  "lt_debt": 21847000000,
  "total_debt": 31631000000,
  "deposit_liab": 1217000000,
  "total_non_current_liab": 31763000000,
  "total_liab": 50738000000,
  "other_income": -3764000000,
  "retained_earnings": 19711000000,
  "total_equity": 8740000000,
  "total_liab_and_equity": 59478000000
},
                datetime.datetime(
                    2010,
                    12,
                    31
                ): {
  "cash": 3592000000,
  "cash_and_st_invest": 3592000000,
  "receivables": 28849000000,
  "inventory": 9587000000,
  "total_current_assets": 31810000000,
  "net_ppe": 12539000000,
  "goodwill": 3419000000,
  "lt_invest": 164000000,
  "def_tax_lt": 3424000000,
  "total_non_current_assets": 32210000000,
  "total_assets": 64020000000,
  "payables": 5856000000,
  "st_debt": 7981000000,
  "total_current_liab": 22020000000,
  "lt_debt": 20437000000,
  "total_debt": 28418000000,
  "deposit_liab": 1831000000,
  "total_non_current_liab": 30675000000,
  "total_liab": 52695000000,
  "other_income": -4051000000,
  "retained_earnings": 21384000000,
  "total_equity": 10824000000,
  "total_liab_and_equity": 63519000000
},
                datetime.datetime(
                    2011,
                    12,
                    31
                ): {
  "cash": 3057000000,
  "cash_and_st_invest": 3057000000,
  "receivables": 30803000000,
  "inventory": 14544000000,
  "total_current_assets": 37900000000,
  "net_ppe": 14395000000,
  "goodwill": 11448000000,
  "lt_invest": 133000000,
  "def_tax_lt": 3737000000,
  "total_non_current_assets": 43318000000,
  "total_assets": 81218000000,
  "payables": 8161000000,
  "st_debt": 9648000000,
  "total_current_liab": 28357000000,
  "lt_debt": 24944000000,
  "total_debt": 34592000000,
  "deposit_liab": 2487000000,
  "total_non_current_liab": 39459000000,
  "total_liab": 67816000000,
  "other_income": -6328000000,
  "retained_earnings": 25219000000,
  "total_equity": 12883000000,
  "total_liab_and_equity": 80699000000
},
                datetime.datetime(
                    2012,
                    12,
                    31
                ): {
  "cash": 5490000000,
  "cash_and_st_invest": 5490000000,
  "receivables": 33911000000,
  "inventory": 15547000000,
  "total_current_assets": 42138000000,
  "net_ppe": 16461000000,
  "goodwill": 10958000000,
  "lt_invest": 272000000,
  "def_tax_lt": 3558000000,
  "total_non_current_assets": 46832000000,
  "total_assets": 88970000000,
  "payables": 6753000000,
  "st_debt": 12391000000,
  "total_current_liab": 29415000000,
  "lt_debt": 27752000000,
  "total_debt": 40143000000,
  "deposit_liab": 2638000000,
  "total_non_current_liab": 41973000000,
  "total_liab": 71388000000,
  "other_income": -6433000000,
  "retained_earnings": 29558000000,
  "total_equity": 17532000000,
  "total_liab_and_equity": 88920000000
},
                datetime.datetime(
                    2013,
                    12,
                    31
                ): {
  "cash": 6081000000,
  "cash_and_st_invest": 6081000000,
  "receivables": 33499000000,
  "inventory": 12625000000,
  "total_current_assets": 38335000000,
  "net_ppe": 17075000000,
  "goodwill": 10552000000,
  "lt_invest": 272000000,
  "def_tax_lt": 2147000000,
  "total_non_current_assets": 46561000000,
  "total_assets": 84896000000,
  "payables": 6560000000,
  "st_debt": 11031000000,
  "total_current_liab": 27297000000,
  "lt_debt": 26719000000,
  "total_debt": 37750000000,
  "deposit_liab": 2360000000,
  "total_non_current_liab": 36721000000,
  "total_liab": 64018000000,
  "other_income": -3898000000,
  "retained_earnings": 31854000000,
  "total_equity": 20811000000,
  "total_liab_and_equity": 84829000000
},
                datetime.datetime(
                    2014,
                    12,
                    31
                ): {
  "cash": 7341000000,
  "cash_and_st_invest": 7341000000,
  "receivables": 32772000000,
  "inventory": 12205000000,
  "total_current_assets": 38867000000,
  "net_ppe": 16577000000,
  "goodwill": 9770000000,
  "lt_invest": 257000000,
  "def_tax_lt": 3143000000,
  "total_non_current_assets": 45814000000,
  "total_assets": 84681000000,
  "payables": 6515000000,
  "st_debt": 11501000000,
  "total_current_liab": 27877000000,
  "lt_debt": 27784000000,
  "total_debt": 39285000000,
  "deposit_liab": 1697000000,
  "total_non_current_liab": 39978000000,
  "total_liab": 67855000000,
  "other_income": -6431000000,
  "retained_earnings": 33887000000,
  "total_equity": 16746000000,
  "total_liab_and_equity": 84601000000
},
                datetime.datetime(
                    2015,
                    12,
                    31
                ): {
  "cash": 6460000000,
  "cash_and_st_invest": 6460000000,
  "receivables": 30507000000,
  "inventory": 9700000000,
  "total_current_assets": 33508000000,
  "net_ppe": 16090000000,
  "goodwill": 9436000000,
  "def_tax_lt": 2489000000,
  "total_non_current_assets": 44834000000,
  "total_assets": 78342000000,
  "payables": 5023000000,
  "st_debt": 12844000000,
  "total_current_liab": 26242000000,
  "lt_debt": 25169000000,
  "total_debt": 38013000000,
  "deposit_liab": 1146000000,
  "total_non_current_liab": 37215000000,
  "total_liab": 63457000000,
  "other_income": -2035000000,
  "retained_earnings": 29246000000,
  "total_equity": 14809000000,
  "total_liab_and_equity": 78266000000
},
                datetime.datetime(
                    2016,
                    12,
                    31
                ): {
  "cash": 7168000000,
  "cash_and_st_invest": 7168000000,
  "receivables": 29088000000,
  "inventory": 8614000000,
  "total_current_assets": 31967000000,
  "net_ppe": 15322000000,
  "goodwill": 8369000000,
  "def_tax_lt": 2790000000,
  "total_non_current_assets": 42737000000,
  "total_assets": 74704000000,
  "payables": 4614000000,
  "st_debt": 13965000000,
  "total_current_liab": 26132000000,
  "lt_debt": 22818000000,
  "total_debt": 36783000000,
  "deposit_liab": 1167000000,
  "total_non_current_liab": 35359000000,
  "total_liab": 61491000000,
  "other_income": -2039000000,
  "retained_earnings": 27377000000,
  "total_equity": 13213000000,
  "total_liab_and_equity": 74704000000
},
                datetime.datetime(
                    2017,
                    12,
                    31
                ): {
  "cash": 8261000000,
  "cash_and_st_invest": 8261000000,
  "receivables": 30725000000,
  "inventory": 10018000000,
  "total_current_assets": 36244000000,
  "net_ppe": 14155000000,
  "goodwill": 8311000000,
  "def_tax_lt": 1693000000,
  "total_non_current_assets": 40718000000,
  "total_assets": 76962000000,
  "payables": 6487000000,
  "st_debt": 11031000000,
  "total_current_liab": 26931000000,
  "lt_debt": 23847000000,
  "total_debt": 34878000000,
  "deposit_liab": 1426000000,
  "total_non_current_liab": 36265000000,
  "total_liab": 63196000000,
  "other_income": -1192000000,
  "retained_earnings": 26301000000,
  "total_equity": 13766000000,
  "total_liab_and_equity": 76962000000
},
                datetime.datetime(
                    2018,
                    12,
                    31
                ): {
  "cash": 7857000000,
  "cash_and_st_invest": 7857000000,
  "receivables": 31899000000,
  "inventory": 11529000000,
  "total_current_assets": 38603000000,
  "net_ppe": 13574000000,
  "goodwill": 8114000000,
  "def_tax_lt": 1439000000,
  "total_non_current_assets": 39906000000,
  "total_assets": 78509000000,
  "payables": 7051000000,
  "st_debt": 11553000000,
  "total_current_liab": 28218000000,
  "lt_debt": 25000000000,
  "total_debt": 36553000000,
  "deposit_liab": 1243000000,
  "total_non_current_liab": 36211000000,
  "total_liab": 64429000000,
  "other_income": -1684000000,
  "retained_earnings": 30427000000,
  "total_equity": 14080000000,
  "total_liab_and_equity": 78509000000
}
            },
            statement_name='Balance Sheet'
        ),
        finstmt.findata.statementsbase.FinStatementsBase(
            statements={
                datetime.datetime(2009, 12, 31): {},
                datetime.datetime(
                    2010,
                    12,
                    31
                ): {
  "capex": 153000000,
  "fcf": 496000000
},
                datetime.datetime(
                    2011,
                    12,
                    31
                ): {
  "capex": 1856000000,
  "fcf": -1534000000
},
                datetime.datetime(
                    2012,
                    12,
                    31
                ): {
  "capex": 2066000000,
  "fcf": -1904000000
},
                datetime.datetime(
                    2013,
                    12,
                    31
                ): {
  "capex": 614000000,
  "fcf": 6316000000
},
                datetime.datetime(
                    2014,
                    12,
                    31
                ): {
  "capex": -498000000,
  "fcf": 4052000000
},
                datetime.datetime(
                    2015,
                    12,
                    31
                ): {
  "capex": -487000000,
  "fcf": 6277000000
},
                datetime.datetime(
                    2016,
                    12,
                    31
                ): {
  "capex": -768000000,
  "fcf": 2797000000
},
                datetime.datetime(
                    2017,
                    12,
                    31
                ): {
  "capex": -1167000000,
  "fcf": 753000000
},
                datetime.datetime(
                    2018,
                    12,
                    31
                ): {
  "capex": -581000000,
  "fcf": 4607000000
}
            },
            statement_name='Metrics'
        )
    ]
)
'''