'''
finstmt.combined.statements.FinancialStatements(
    income_statements=finstmt.inc.main.IncomeStatements(
        statements={
            datetime.datetime(
                2009,
                12,
                31
            ): {
  "revenue": 10908000000.0,
  "cogs": 10287000000.0,
  "sga": 722000000.0,
  "tax_exp": -65000000.0,
  "op_exp": 722000000.0,
  "ebit": -152000000.0,
  "ebt": -418000000.0,
  "net_income": -353000000.0
},
            datetime.datetime(
                2010,
                12,
                31
            ): {
  "revenue": 11691000000.0,
  "cogs": 10216000000.0,
  "sga": 780000000.0,
  "tax_exp": 93000000.0,
  "op_exp": 780000000.0,
  "ebit": 695000000.0,
  "ebt": 551000000.0,
  "net_income": 458000000.0
},
            datetime.datetime(
                2011,
                12,
                31
            ): {
  "revenue": 12317000000.0,
  "cogs": 11039000000.0,
  "sga": 752000000.0,
  "tax_exp": 158000000.0,
  "op_exp": 752000000.0,
  "ebit": 526000000.0,
  "ebt": 356000000.0,
  "net_income": 198000000.0
},
            datetime.datetime(
                2012,
                12,
                31
            ): {
  "revenue": 11814000000.0,
  "cogs": 10190000000.0,
  "sga": 582000000.0,
  "tax_exp": 278000000.0,
  "op_exp": 582000000.0,
  "ebit": 940000000.0,
  "ebt": 849000000.0,
  "net_income": 571000000.0
},
            datetime.datetime(
                2013,
                12,
                31
            ): {
  "revenue": 12784000000.0,
  "cogs": 11020000000.0,
  "sga": 649000000.0,
  "tax_exp": 271000000.0,
  "op_exp": 649000000.0,
  "ebit": 988000000.0,
  "ebt": 897000000.0,
  "net_income": 626000000.0
},
            datetime.datetime(
                2014,
                12,
                31
            ): {
  "revenue": 13796000000.0,
  "cogs": 11830000000.0,
  "sga": 659000000.0,
  "tax_exp": 335000000.0,
  "op_exp": 659000000.0,
  "ebit": 1159000000.0,
  "ebt": 1088000000.0,
  "net_income": 753000000.0
},
            datetime.datetime(
                2015,
                12,
                31
            ): {
  "revenue": 14486000000.0,
  "cogs": 12363000000.0,
  "sga": 634000000.0,
  "tax_exp": 396000000.0,
  "op_exp": 634000000.0,
  "ebit": 1350000000.0,
  "ebt": 1255000000.0,
  "net_income": 859000000.0
},
            datetime.datetime(
                2016,
                12,
                31
            ): {
  "revenue": 15407000000.0,
  "cogs": 12735000000.0,
  "sga": 743000000.0,
  "tax_exp": 431000000.0,
  "op_exp": 743000000.0,
  "ebit": 1424000000.0,
  "ebt": 1239000000.0,
  "net_income": 808000000.0
},
            datetime.datetime(
                2017,
                12,
                31
            ): {
  "revenue": 20452000000.0,
  "cogs": 16639000000.0,
  "sga": 921000000.0,
  "tax_exp": 1523000000.0,
  "op_exp": 921000000.0,
  "ebit": 2504000000.0,
  "ebt": 2982000000.0,
  "net_income": 1459000000.0
},
            datetime.datetime(
                2018,
                12,
                31
            ): {
  "revenue": 20758000000.0,
  "cogs": 17084000000.0,
  "sga": 927000000.0,
  "tax_exp": 438000000.0,
  "op_exp": 927000000.0,
  "ebit": 2366000000.0,
  "ebt": 2345000000.0,
  "net_income": 1907000000.0
}
        }
    ),
    balance_sheets=finstmt.bs.main.BalanceSheets(
        statements={
            datetime.datetime(
                2009,
                12,
                31
            ): {
  "cash_and_st_invest": 115000000.0,
  "receivables": 838000000.0,
  "inventory": 1444000000.0,
  "other_current_assets": 131000000.0,
  "total_current_assets": 2851000000.0,
  "net_ppe": 1362000000.0,
  "goodwill": 1606000000.0,
  "lt_invest": 249000000.0,
  "def_tax_lt": 1020000000.0,
  "other_lt_assets": 393000000.0,
  "total_non_current_assets": 5082000000.0,
  "total_assets": 7933000000.0,
  "payables": 562000000.0,
  "current_lt_debt": 64000000.0,
  "other_current_liab": 1142000000.0,
  "total_current_liab": 2287000000.0,
  "lt_debt": 2234000000.0,
  "total_debt": 2234000000.0,
  "deferred_rev": 583000000.0,
  "tax_liab_lt": 16000000.0,
  "other_lt_liab": 2270000000.0,
  "total_non_current_liab": 4504000000.0,
  "total_liab": 6791000000.0,
  "common_stock": 5000000.0,
  "retained_earnings": 3103000000.0,
  "total_equity": 1142000000.0,
  "total_liab_and_equity": 7933000000.0
},
            datetime.datetime(
                2010,
                12,
                31
            ): {
  "cash_and_st_invest": 505000000.0,
  "receivables": 938000000.0,
  "inventory": 1489000000.0,
  "other_current_assets": 123000000.0,
  "total_current_assets": 3382000000.0,
  "net_ppe": 1307000000.0,
  "goodwill": 1643000000.0,
  "lt_invest": 250000000.0,
  "def_tax_lt": 932000000.0,
  "other_lt_assets": 205000000.0,
  "total_non_current_assets": 5601000000.0,
  "total_assets": 8983000000.0,
  "payables": 548000000.0,
  "current_lt_debt": 138000000.0,
  "other_current_liab": 1037000000.0,
  "total_current_liab": 2501000000.0,
  "lt_debt": 2691000000.0,
  "total_debt": 2691000000.0,
  "deferred_rev": 731000000.0,
  "tax_liab_lt": 1020000000.0,
  "other_lt_liab": 2206000000.0,
  "total_non_current_liab": 4897000000.0,
  "total_liab": 7398000000.0,
  "common_stock": 5000000.0,
  "retained_earnings": 3286000000.0,
  "total_equity": 1585000000.0,
  "total_liab_and_equity": 8983000000.0
},
            datetime.datetime(
                2011,
                12,
                31
            ): {
  "cash_and_st_invest": 102000000.0,
  "receivables": 875000000.0,
  "inventory": 11000000.0,
  "other_current_assets": 22000000.0,
  "total_current_assets": 1324000000.0,
  "net_ppe": 1168000000.0,
  "goodwill": 1721000000.0,
  "lt_invest": 265000000.0,
  "def_tax_lt": 873000000.0,
  "other_lt_assets": 261000000.0,
  "total_non_current_assets": 4586000000.0,
  "total_assets": 5910000000.0,
  "payables": 569000000.0,
  "current_lt_debt": 355000000.0,
  "other_current_liab": 1005000000.0,
  "total_current_liab": 2558000000.0,
  "lt_debt": 1816000000.0,
  "total_debt": 1816000000.0,
  "tax_liab_lt": 605000000.0,
  "other_lt_liab": 2317000000.0,
  "total_non_current_liab": 4133000000.0,
  "total_liab": 6691000000.0,
  "common_stock": 5000000.0,
  "retained_earnings": 3212000000.0,
  "total_equity": 781000000.0,
  "total_liab_and_equity": 7472000000.0
},
            datetime.datetime(
                2012,
                12,
                31
            ): {
  "cash_and_st_invest": 88000000.0,
  "receivables": 1028000000.0,
  "other_current_assets": 377000000.0,
  "total_current_assets": 1475000000.0,
  "net_ppe": 1539000000.0,
  "goodwill": 1989000000.0,
  "lt_invest": 216000000.0,
  "def_tax_lt": 676000000.0,
  "other_lt_assets": 267000000.0,
  "total_non_current_assets": 4867000000.0,
  "total_assets": 6342000000.0,
  "payables": 557000000.0,
  "current_lt_debt": 407000000.0,
  "other_current_liab": 1052000000.0,
  "total_current_liab": 2773000000.0,
  "lt_debt": 2528000000.0,
  "total_debt": 2528000000.0,
  "tax_liab_lt": 485000000.0,
  "other_lt_liab": 2326000000.0,
  "total_non_current_liab": 4854000000.0,
  "total_liab": 7627000000.0,
  "common_stock": 5000000.0,
  "retained_earnings": 3509000000.0,
  "total_equity": 1285000000.0,
  "total_liab_and_equity": 8912000000.0
},
            datetime.datetime(
                2013,
                12,
                31
            ): {
  "cash_and_st_invest": 126000000.0,
  "receivables": 1081000000.0,
  "other_current_assets": 342000000.0,
  "total_current_assets": 1903000000.0,
  "net_ppe": 1543000000.0,
  "goodwill": 2005000000.0,
  "lt_invest": 222000000.0,
  "def_tax_lt": 647000000.0,
  "other_lt_assets": 332000000.0,
  "total_non_current_assets": 4891000000.0,
  "total_assets": 6794000000.0,
  "payables": 605000000.0,
  "current_lt_debt": 6000000.0,
  "other_current_liab": 1295000000.0,
  "total_current_liab": 2675000000.0,
  "lt_debt": 3147000000.0,
  "total_debt": 3147000000.0,
  "other_lt_liab": 2387000000.0,
  "total_non_current_liab": 5534000000.0,
  "total_liab": 8209000000.0,
  "common_stock": 5000000.0,
  "retained_earnings": 3837000000.0,
  "total_equity": 1415000000.0,
  "total_liab_and_equity": 9624000000.0
},
            datetime.datetime(
                2014,
                12,
                31
            ): {
  "cash_and_st_invest": 104000000.0,
  "receivables": 1100000000.0,
  "other_current_assets": 108000000.0,
  "total_current_assets": 1610000000.0,
  "net_ppe": 1460000000.0,
  "goodwill": 2245000000.0,
  "lt_invest": 224000000.0,
  "def_tax_lt": 819000000.0,
  "other_lt_assets": 260000000.0,
  "total_non_current_assets": 5223000000.0,
  "total_assets": 6833000000.0,
  "payables": 593000000.0,
  "current_lt_debt": 324000000.0,
  "other_current_liab": 677000000.0,
  "total_current_liab": 3038000000.0,
  "lt_debt": 3447000000.0,
  "total_debt": 3447000000.0,
  "other_lt_liab": 2548000000.0,
  "total_non_current_liab": 5995000000.0,
  "total_liab": 9033000000.0,
  "common_stock": 5000000.0,
  "retained_earnings": 4286000000.0,
  "total_equity": 2200000000.0,
  "total_liab_and_equity": 11233000000.0
},
            datetime.datetime(
                2015,
                12,
                31
            ): {
  "cash_and_st_invest": 96000000.0,
  "receivables": 1103000000.0,
  "other_current_assets": 588000000.0,
  "total_current_assets": 1384000000.0,
  "net_ppe": 1029000000.0,
  "goodwill": 2394000000.0,
  "lt_invest": 165000000.0,
  "def_tax_lt": 672000000.0,
  "other_lt_assets": 223000000.0,
  "total_non_current_assets": 4698000000.0,
  "total_assets": 6082000000.0,
  "payables": 687000000.0,
  "current_lt_debt": 300000000.0,
  "other_current_liab": 952000000.0,
  "total_current_liab": 3233000000.0,
  "lt_debt": 3807000000.0,
  "total_debt": 3807000000.0,
  "other_lt_liab": 2616000000.0,
  "total_non_current_liab": 6439000000.0,
  "total_liab": 9672000000.0,
  "common_stock": 5000000.0,
  "retained_earnings": 4878000000.0,
  "total_equity": 3590000000.0,
  "total_liab_and_equity": 13262000000.0
},
            datetime.datetime(
                2016,
                12,
                31
            ): {
  "cash_and_st_invest": 858000000.0,
  "receivables": 1695000000.0,
  "other_current_assets": 149000000.0,
  "total_current_assets": 3371000000.0,
  "net_ppe": 2335000000.0,
  "goodwill": 16868000000.0,
  "lt_invest": 728000000.0,
  "def_tax_lt": 116000000.0,
  "other_lt_assets": 477000000.0,
  "total_non_current_assets": 20769000000.0,
  "total_assets": 24140000000.0,
  "payables": 783000000.0,
  "current_lt_debt": 309000000.0,
  "other_current_liab": 1866000000.0,
  "total_current_liab": 5147000000.0,
  "lt_debt": 8197000000.0,
  "total_debt": 8197000000.0,
  "other_lt_liab": 4419000000.0,
  "total_non_current_liab": 13636000000.0,
  "total_liab": 18783000000.0,
  "common_stock": 5000000.0,
  "retained_earnings": 6501000000.0,
  "total_equity": 5357000000.0,
  "total_liab_and_equity": 24140000000.0
},
            datetime.datetime(
                2017,
                12,
                31
            ): {
  "cash_and_st_invest": 383000000.0,
  "receivables": 1973000000.0,
  "other_current_assets": 8000000.0,
  "total_current_assets": 2740000000.0,
  "net_ppe": 1793000000.0,
  "goodwill": 17751000000.0,
  "lt_invest": 734000000.0,
  "def_tax_lt": 93000000.0,
  "other_lt_assets": 593000000.0,
  "total_non_current_assets": 21106000000.0,
  "total_assets": 23846000000.0,
  "payables": 767000000.0,
  "current_lt_debt": 398000000.0,
  "other_current_liab": 2121000000.0,
  "total_current_liab": 5807000000.0,
  "lt_debt": 7840000000.0,
  "total_debt": 7840000000.0,
  "other_lt_liab": 5429000000.0,
  "total_non_current_liab": 14457000000.0,
  "total_liab": 20264000000.0,
  "common_stock": 5000000.0,
  "retained_earnings": 7242000000.0,
  "total_equity": 3582000000.0,
  "total_liab_and_equity": 23846000000.0
},
            datetime.datetime(
                2018,
                12,
                31
            ): {
  "cash_and_st_invest": 316000000.0,
  "receivables": 2133000000.0,
  "total_current_assets": 2706000000.0,
  "net_ppe": 1956000000.0,
  "goodwill": 17419000000.0,
  "lt_invest": 732000000.0,
  "def_tax_lt": 171000000.0,
  "other_lt_assets": 587000000.0,
  "total_non_current_assets": 20990000000.0,
  "total_assets": 23696000000.0,
  "current_lt_debt": 833000000.0,
  "other_current_liab": 2529000000.0,
  "total_current_liab": 6437000000.0,
  "lt_debt": 8514000000.0,
  "total_debt": 8514000000.0,
  "other_lt_liab": 5304000000.0,
  "total_non_current_liab": 15034000000.0,
  "total_liab": 21471000000.0,
  "common_stock": 5000000.0,
  "retained_earnings": 8982000000.0,
  "total_equity": 2225000000.0,
  "total_liab_and_equity": 23696000000.0
}
        }
    )
)
'''